---
source: tests/proxmox_map_coverage.rs
expression: report
---
# proxxx API surface coverage

Map endpoints      : 190
Covered            : 163 (85%)
Uncovered          : 27
Undocumented (drift): 2

## Covered endpoints

- proxmox_api_surface_absolute.access_control.acl `/access/acl` [GET|PUT]
- proxmox_api_surface_absolute.access_control.auth.password `/access/password` [PUT]
- proxmox_api_surface_absolute.access_control.domains.management `/access/domains` [GET|POST|PUT|DELETE]
- proxmox_api_surface_absolute.access_control.groups `/access/groups` [GET|POST|PUT|DELETE]
- proxmox_api_surface_absolute.access_control.permissions `/access/permissions` [GET]
- proxmox_api_surface_absolute.access_control.roles `/access/roles` [GET|POST|PUT|DELETE]
- proxmox_api_surface_absolute.access_control.tfa.management `/access/tfa` [GET|POST|PUT|DELETE]
- proxmox_api_surface_absolute.access_control.tokens `/access/users/{userid}/token/{tokenid}` [GET|POST|PUT|DELETE]
- proxmox_api_surface_absolute.access_control.users `/access/users` [GET|POST|PUT|DELETE]
- proxmox_api_surface_absolute.cluster.acme.accounts `/cluster/acme/account` [GET|POST|PUT|DELETE]
- proxmox_api_surface_absolute.cluster.acme.challenge_schema `/cluster/acme/challenge-schema` [GET]
- proxmox_api_surface_absolute.cluster.acme.directories `/cluster/acme/directories` [GET]
- proxmox_api_surface_absolute.cluster.acme.plugins `/cluster/acme/plugins` [GET|POST|PUT|DELETE]
- proxmox_api_surface_absolute.cluster.acme.tos `/cluster/acme/tos` [GET]
- proxmox_api_surface_absolute.cluster.backup_jobs.info `/cluster/backup-info` [GET]
- proxmox_api_surface_absolute.cluster.backup_jobs.management `/cluster/backup` [GET|POST|PUT|DELETE]
- proxmox_api_surface_absolute.cluster.config.join `/cluster/config/join` [GET|POST]
- proxmox_api_surface_absolute.cluster.config.nodes `/cluster/config/nodes` [GET|POST|DELETE]
- proxmox_api_surface_absolute.cluster.config.qdevice `/cluster/config/qdevice` [GET|POST|PUT|DELETE]
- proxmox_api_surface_absolute.cluster.config.totem `/cluster/config/totem` [GET]
- proxmox_api_surface_absolute.cluster.core.log `/cluster/log` [GET]
- proxmox_api_surface_absolute.cluster.core.nextid `/cluster/nextid` [GET]
- proxmox_api_surface_absolute.cluster.core.options `/cluster/options` [GET|PUT]
- proxmox_api_surface_absolute.cluster.core.resources `/cluster/resources` [GET]
- proxmox_api_surface_absolute.cluster.core.status `/cluster/status` [GET]
- proxmox_api_surface_absolute.cluster.core.tasks `/cluster/tasks` [GET]
- proxmox_api_surface_absolute.cluster.firewall.aliases `/cluster/firewall/aliases` [GET|POST|PUT|DELETE]
- proxmox_api_surface_absolute.cluster.firewall.groups `/cluster/firewall/groups` [GET|POST|PUT|DELETE]
- proxmox_api_surface_absolute.cluster.firewall.ipset `/cluster/firewall/ipset` [GET|POST|PUT|DELETE]
- proxmox_api_surface_absolute.cluster.firewall.ipset_cidrs `/cluster/firewall/ipset/{name}/{cidr}` [GET|PUT|DELETE]
- proxmox_api_surface_absolute.cluster.firewall.options `/cluster/firewall/options` [GET|PUT]
- proxmox_api_surface_absolute.cluster.firewall.rules `/cluster/firewall/rules` [GET|POST|PUT|DELETE]
- proxmox_api_surface_absolute.cluster.ha.groups `/cluster/ha/groups` [GET|POST|PUT|DELETE]
- proxmox_api_surface_absolute.cluster.ha.manager_status `/cluster/ha/status/manager_status` [GET]
- proxmox_api_surface_absolute.cluster.ha.resources `/cluster/ha/resources` [GET|POST|PUT|DELETE]
- proxmox_api_surface_absolute.cluster.ha.rules `/cluster/ha/rules` [GET|POST|PUT|DELETE]
- proxmox_api_surface_absolute.cluster.ha.status `/cluster/ha/status/current` [GET]
- proxmox_api_surface_absolute.cluster.mapping.pci `/cluster/mapping/pci` [GET|POST|PUT|DELETE]
- proxmox_api_surface_absolute.cluster.mapping.usb `/cluster/mapping/usb` [GET|POST|PUT|DELETE]
- proxmox_api_surface_absolute.cluster.metrics.server `/cluster/metrics/server` [GET|POST|PUT|DELETE]
- proxmox_api_surface_absolute.cluster.notifications.endpoints `/cluster/notifications/endpoints` [GET|POST|PUT|DELETE]
- proxmox_api_surface_absolute.cluster.notifications.endpoints_per_type `/cluster/notifications/endpoints/{type}/{name}` [PUT|DELETE]
- proxmox_api_surface_absolute.cluster.notifications.matchers `/cluster/notifications/matchers` [GET|POST|PUT|DELETE]
- proxmox_api_surface_absolute.cluster.notifications.targets `/cluster/notifications/targets` [GET]
- proxmox_api_surface_absolute.cluster.replication `/cluster/replication` [GET|POST|PUT|DELETE]
- proxmox_api_surface_absolute.lxc.config.get `/nodes/{node}/lxc/{vmid}/config` [GET]
- proxmox_api_surface_absolute.lxc.config.pending `/nodes/{node}/lxc/{vmid}/pending` [GET]
- proxmox_api_surface_absolute.lxc.config.set `/nodes/{node}/lxc/{vmid}/config` [PUT]
- proxmox_api_surface_absolute.lxc.console.exec `/nodes/{node}/lxc/{vmid}/exec` [POST]
- proxmox_api_surface_absolute.lxc.console.spiceproxy `/nodes/{node}/lxc/{vmid}/spiceproxy` [POST]
- proxmox_api_surface_absolute.lxc.console.termproxy `/nodes/{node}/lxc/{vmid}/termproxy` [POST]
- proxmox_api_surface_absolute.lxc.console.vncproxy `/nodes/{node}/lxc/{vmid}/vncproxy` [POST]
- proxmox_api_surface_absolute.lxc.console.vncwebsocket `/nodes/{node}/lxc/{vmid}/vncwebsocket` [GET]
- proxmox_api_surface_absolute.lxc.diagnostics.feature `/nodes/{node}/lxc/{vmid}/feature` [GET]
- proxmox_api_surface_absolute.lxc.diagnostics.interfaces `/nodes/{node}/lxc/{vmid}/interfaces` [GET]
- proxmox_api_surface_absolute.lxc.firewall.aliases `/nodes/{node}/lxc/{vmid}/firewall/aliases` [GET|POST|PUT|DELETE]
- proxmox_api_surface_absolute.lxc.firewall.options `/nodes/{node}/lxc/{vmid}/firewall/options` [GET|PUT]
- proxmox_api_surface_absolute.lxc.firewall.rules `/nodes/{node}/lxc/{vmid}/firewall/rules` [GET|POST|PUT|DELETE]
- proxmox_api_surface_absolute.lxc.lifecycle.clone `/nodes/{node}/lxc/{vmid}/clone` [POST]
- proxmox_api_surface_absolute.lxc.lifecycle.create `/nodes/{node}/lxc` [POST]
- proxmox_api_surface_absolute.lxc.lifecycle.delete `/nodes/{node}/lxc/{vmid}` [DELETE]
- proxmox_api_surface_absolute.lxc.lifecycle.template `/nodes/{node}/lxc/{vmid}/template` [POST]
- proxmox_api_surface_absolute.lxc.metrics.rrd `/nodes/{node}/lxc/{vmid}/rrd` [GET]
- proxmox_api_surface_absolute.lxc.metrics.rrddata `/nodes/{node}/lxc/{vmid}/rrddata` [GET]
- proxmox_api_surface_absolute.lxc.operations.migrate `/nodes/{node}/lxc/{vmid}/migrate` [POST]
- proxmox_api_surface_absolute.lxc.operations.move_volume `/nodes/{node}/lxc/{vmid}/move_volume` [POST]
- proxmox_api_surface_absolute.lxc.operations.resize_volume `/nodes/{node}/lxc/{vmid}/resize` [PUT]
- proxmox_api_surface_absolute.lxc.power.current `/nodes/{node}/lxc/{vmid}/status/current` [GET]
- proxmox_api_surface_absolute.lxc.power.reboot `/nodes/{node}/lxc/{vmid}/status/reboot` [POST]
- proxmox_api_surface_absolute.lxc.power.resume `/nodes/{node}/lxc/{vmid}/status/resume` [POST]
- proxmox_api_surface_absolute.lxc.power.shutdown `/nodes/{node}/lxc/{vmid}/status/shutdown` [POST]
- proxmox_api_surface_absolute.lxc.power.start `/nodes/{node}/lxc/{vmid}/status/start` [POST]
- proxmox_api_surface_absolute.lxc.power.stop `/nodes/{node}/lxc/{vmid}/status/stop` [POST]
- proxmox_api_surface_absolute.lxc.power.suspend `/nodes/{node}/lxc/{vmid}/status/suspend` [POST]
- proxmox_api_surface_absolute.lxc.snapshots `/nodes/{node}/lxc/{vmid}/snapshot` [GET|POST|PUT|DELETE]
- proxmox_api_surface_absolute.nodes.disks.list `/nodes/{node}/disks/list` [GET]
- proxmox_api_surface_absolute.nodes.disks.lvm `/nodes/{node}/disks/lvm` [GET|POST|DELETE]
- proxmox_api_surface_absolute.nodes.disks.lvmthin `/nodes/{node}/disks/lvmthin` [GET|POST|DELETE]
- proxmox_api_surface_absolute.nodes.disks.smart `/nodes/{node}/disks/smart` [GET]
- proxmox_api_surface_absolute.nodes.disks.zfs `/nodes/{node}/disks/zfs` [GET|POST|DELETE]
- proxmox_api_surface_absolute.nodes.hardware.pci `/nodes/{node}/hardware/pci` [GET]
- proxmox_api_surface_absolute.nodes.hardware.usb `/nodes/{node}/hardware/usb` [GET]
- proxmox_api_surface_absolute.nodes.list `/nodes` [GET]
- proxmox_api_surface_absolute.nodes.network.firewall `/nodes/{node}/firewall/rules` [GET|POST|PUT|DELETE]
- proxmox_api_surface_absolute.nodes.network.interfaces `/nodes/{node}/network` [GET|POST|PUT|DELETE]
- proxmox_api_surface_absolute.nodes.power_bulk.startall `/nodes/{node}/startall` [POST]
- proxmox_api_surface_absolute.nodes.power_bulk.stopall `/nodes/{node}/stopall` [POST]
- proxmox_api_surface_absolute.nodes.power_bulk.suspendall `/nodes/{node}/suspendall` [POST]
- proxmox_api_surface_absolute.nodes.replication `/nodes/{node}/replication` [GET]
- proxmox_api_surface_absolute.nodes.shell.spiceshell `/nodes/{node}/spiceshell` [POST]
- proxmox_api_surface_absolute.nodes.shell.termproxy `/nodes/{node}/termproxy` [POST]
- proxmox_api_surface_absolute.nodes.shell.vncshell `/nodes/{node}/vncshell` [POST]
- proxmox_api_surface_absolute.nodes.storage_local.content `/nodes/{node}/storage/{storage}/content` [GET|POST|DELETE]
- proxmox_api_surface_absolute.nodes.storage_local.download_url `/nodes/{node}/storage/{storage}/download-url` [POST]
- proxmox_api_surface_absolute.nodes.storage_local.pools `/nodes/{node}/storage` [GET]
- proxmox_api_surface_absolute.nodes.storage_local.rrddata `/nodes/{node}/storage/{storage}/rrddata` [GET]
- proxmox_api_surface_absolute.nodes.storage_local.upload `/nodes/{node}/storage/{storage}/upload` [POST]
- proxmox_api_surface_absolute.nodes.system.certificates.acme `/nodes/{node}/certificates/acme/certificate` [POST|PUT]
- proxmox_api_surface_absolute.nodes.system.certificates.custom `/nodes/{node}/certificates/custom` [POST|DELETE]
- proxmox_api_surface_absolute.nodes.system.certificates.info `/nodes/{node}/certificates/info` [GET]
- proxmox_api_surface_absolute.nodes.system.dns `/nodes/{node}/dns` [GET|PUT]
- proxmox_api_surface_absolute.nodes.system.hosts `/nodes/{node}/hosts` [GET|PUT]
- proxmox_api_surface_absolute.nodes.system.journal `/nodes/{node}/journal` [GET]
- proxmox_api_surface_absolute.nodes.system.report `/nodes/{node}/report` [GET]
- proxmox_api_surface_absolute.nodes.system.rrddata `/nodes/{node}/rrddata` [GET]
- proxmox_api_surface_absolute.nodes.system.status `/nodes/{node}/status` [GET|POST]
- proxmox_api_surface_absolute.nodes.system.subscription `/nodes/{node}/subscription` [GET|POST|PUT|DELETE]
- proxmox_api_surface_absolute.nodes.system.syslog `/nodes/{node}/syslog` [GET]
- proxmox_api_surface_absolute.nodes.system.time `/nodes/{node}/time` [GET|PUT]
- proxmox_api_surface_absolute.nodes.system.wakeonlan `/nodes/{node}/wakeonlan` [POST]
- proxmox_api_surface_absolute.nodes.tasks.list `/nodes/{node}/tasks` [GET]
- proxmox_api_surface_absolute.nodes.tasks.log `/nodes/{node}/tasks/{upid}/log` [GET]
- proxmox_api_surface_absolute.nodes.tasks.status `/nodes/{node}/tasks/{upid}/status` [GET]
- proxmox_api_surface_absolute.nodes.tasks.stop `/nodes/{node}/tasks/{upid}` [DELETE]
- proxmox_api_surface_absolute.nodes.updates.apt `/nodes/{node}/apt/update` [GET|POST]
- proxmox_api_surface_absolute.nodes.updates.changelog `/nodes/{node}/apt/changelog` [GET]
- proxmox_api_surface_absolute.nodes.updates.repositories `/nodes/{node}/apt/repositories` [GET|PUT]
- proxmox_api_surface_absolute.nodes.updates.versions `/nodes/{node}/apt/versions` [GET]
- proxmox_api_surface_absolute.nodes.utils.aplinfo `/nodes/{node}/aplinfo` [GET|POST]
- proxmox_api_surface_absolute.nodes.utils.query_url_metadata `/nodes/{node}/query-url-metadata` [GET]
- proxmox_api_surface_absolute.nodes.vzdump.execute `/nodes/{node}/vzdump` [POST]
- proxmox_api_surface_absolute.nodes.vzdump.extractconfig `/nodes/{node}/vzdump/extractconfig` [GET]
- proxmox_api_surface_absolute.pools.management `/pools` [GET|POST|PUT|DELETE]
- proxmox_api_surface_absolute.pools.resources `/pools/{poolid}` [PUT]
- proxmox_api_surface_absolute.qemu.agent.exec `/nodes/{node}/qemu/{vmid}/agent/exec` [POST]
- proxmox_api_surface_absolute.qemu.agent.exec_status `/nodes/{node}/qemu/{vmid}/agent/exec-status` [GET]
- proxmox_api_surface_absolute.qemu.agent.file_read `/nodes/{node}/qemu/{vmid}/agent/file-read` [GET]
- proxmox_api_surface_absolute.qemu.agent.file_write `/nodes/{node}/qemu/{vmid}/agent/file-write` [POST]
- proxmox_api_surface_absolute.qemu.agent.network_get_interfaces `/nodes/{node}/qemu/{vmid}/agent/network-get-interfaces` [GET]
- proxmox_api_surface_absolute.qemu.cloudinit.dump `/nodes/{node}/qemu/{vmid}/cloudinit/dump` [GET]
- proxmox_api_surface_absolute.qemu.cloudinit.generate `/nodes/{node}/qemu/{vmid}/cloudinit` [PUT]
- proxmox_api_surface_absolute.qemu.config.get `/nodes/{node}/qemu/{vmid}/config` [GET]
- proxmox_api_surface_absolute.qemu.config.pending `/nodes/{node}/qemu/{vmid}/pending` [GET]
- proxmox_api_surface_absolute.qemu.config.set `/nodes/{node}/qemu/{vmid}/config` [PUT]
- proxmox_api_surface_absolute.qemu.console.spiceproxy `/nodes/{node}/qemu/{vmid}/spiceproxy` [POST]
- proxmox_api_surface_absolute.qemu.console.termproxy `/nodes/{node}/qemu/{vmid}/termproxy` [POST]
- proxmox_api_surface_absolute.qemu.console.vncproxy `/nodes/{node}/qemu/{vmid}/vncproxy` [POST]
- proxmox_api_surface_absolute.qemu.console.vncwebsocket `/nodes/{node}/qemu/{vmid}/vncwebsocket` [GET]
- proxmox_api_surface_absolute.qemu.diagnostics.feature `/nodes/{node}/qemu/{vmid}/feature` [GET]
- proxmox_api_surface_absolute.qemu.firewall.aliases `/nodes/{node}/qemu/{vmid}/firewall/aliases` [GET|POST|PUT|DELETE]
- proxmox_api_surface_absolute.qemu.firewall.options `/nodes/{node}/qemu/{vmid}/firewall/options` [GET|PUT]
- proxmox_api_surface_absolute.qemu.firewall.rules `/nodes/{node}/qemu/{vmid}/firewall/rules` [GET|POST|PUT|DELETE]
- proxmox_api_surface_absolute.qemu.lifecycle.clone `/nodes/{node}/qemu/{vmid}/clone` [POST]
- proxmox_api_surface_absolute.qemu.lifecycle.create `/nodes/{node}/qemu` [POST]
- proxmox_api_surface_absolute.qemu.lifecycle.delete `/nodes/{node}/qemu/{vmid}` [DELETE]
- proxmox_api_surface_absolute.qemu.lifecycle.template `/nodes/{node}/qemu/{vmid}/template` [POST]
- proxmox_api_surface_absolute.qemu.metrics.rrd `/nodes/{node}/qemu/{vmid}/rrd` [GET]
- proxmox_api_surface_absolute.qemu.metrics.rrddata `/nodes/{node}/qemu/{vmid}/rrddata` [GET]
- proxmox_api_surface_absolute.qemu.operations.migrate `/nodes/{node}/qemu/{vmid}/migrate` [POST]
- proxmox_api_surface_absolute.qemu.operations.move_disk `/nodes/{node}/qemu/{vmid}/move_disk` [POST]
- proxmox_api_surface_absolute.qemu.operations.resize_disk `/nodes/{node}/qemu/{vmid}/resize` [PUT]
- proxmox_api_surface_absolute.qemu.operations.sendkey `/nodes/{node}/qemu/{vmid}/sendkey` [PUT]
- proxmox_api_surface_absolute.qemu.operations.unlink_disk `/nodes/{node}/qemu/{vmid}/unlink` [PUT]
- proxmox_api_surface_absolute.qemu.power.current `/nodes/{node}/qemu/{vmid}/status/current` [GET]
- proxmox_api_surface_absolute.qemu.power.reboot `/nodes/{node}/qemu/{vmid}/status/reboot` [POST]
- proxmox_api_surface_absolute.qemu.power.resume `/nodes/{node}/qemu/{vmid}/status/resume` [POST]
- proxmox_api_surface_absolute.qemu.power.shutdown `/nodes/{node}/qemu/{vmid}/status/shutdown` [POST]
- proxmox_api_surface_absolute.qemu.power.start `/nodes/{node}/qemu/{vmid}/status/start` [POST]
- proxmox_api_surface_absolute.qemu.power.stop `/nodes/{node}/qemu/{vmid}/status/stop` [POST]
- proxmox_api_surface_absolute.qemu.power.suspend `/nodes/{node}/qemu/{vmid}/status/suspend` [POST]
- proxmox_api_surface_absolute.qemu.snapshots `/nodes/{node}/qemu/{vmid}/snapshot` [GET|POST|PUT|DELETE]
- proxmox_api_surface_absolute.storage.definitions `/storage` [GET|POST|PUT|DELETE]
- proxmox_api_surface_absolute.version `/version` [GET]

## Uncovered endpoints (by category)

### proxmox_api_surface_absolute

- proxmox_api_surface_absolute.access_control.auth.create_ticket `/access/ticket` [POST]
- proxmox_api_surface_absolute.access_control.domains.sync `/access/domains/{realm}/sync` [POST]
- proxmox_api_surface_absolute.access_control.openid.auth_url `/access/openid/auth-url` [POST]
- proxmox_api_surface_absolute.access_control.openid.login `/access/openid/login` [GET]
- proxmox_api_surface_absolute.access_control.tfa.u2f `/access/tfa/u2f` [GET|POST|PUT|DELETE]
- proxmox_api_surface_absolute.cluster.ceph.flags `/cluster/ceph/flags` [GET|PUT]
- proxmox_api_surface_absolute.cluster.ceph.metadata `/cluster/ceph/metadata` [GET]
- proxmox_api_surface_absolute.cluster.ceph.status `/cluster/ceph/status` [GET]
- proxmox_api_surface_absolute.cluster.sdn.apply `/cluster/sdn` [PUT]
- proxmox_api_surface_absolute.cluster.sdn.controllers `/cluster/sdn/controllers` [GET|POST|PUT|DELETE]
- proxmox_api_surface_absolute.cluster.sdn.dns `/cluster/sdn/dns` [GET|POST|PUT|DELETE]
- proxmox_api_surface_absolute.cluster.sdn.ipams `/cluster/sdn/ipams` [GET|POST|PUT|DELETE]
- proxmox_api_surface_absolute.cluster.sdn.macs `/cluster/sdn/macs` [GET]
- proxmox_api_surface_absolute.cluster.sdn.subnets `/cluster/sdn/vnets/{vnet}/subnets` [GET|POST|PUT|DELETE]
- proxmox_api_surface_absolute.cluster.sdn.vnets `/cluster/sdn/vnets` [GET|POST|PUT|DELETE]
- proxmox_api_surface_absolute.cluster.sdn.zones `/cluster/sdn/zones` [GET|POST|PUT|DELETE]
- proxmox_api_surface_absolute.nodes.ceph.fs `/nodes/{node}/ceph/fs` [GET|POST|DELETE]
- proxmox_api_surface_absolute.nodes.ceph.init `/nodes/{node}/ceph/init` [POST]
- proxmox_api_surface_absolute.nodes.ceph.log `/nodes/{node}/ceph/log` [GET]
- proxmox_api_surface_absolute.nodes.ceph.mds `/nodes/{node}/ceph/mds` [GET|POST|DELETE]
- proxmox_api_surface_absolute.nodes.ceph.mgr `/nodes/{node}/ceph/mgr` [GET|POST|DELETE]
- proxmox_api_surface_absolute.nodes.ceph.mon `/nodes/{node}/ceph/mon` [GET|POST|DELETE]
- proxmox_api_surface_absolute.nodes.ceph.osd `/nodes/{node}/ceph/osd` [GET|POST|DELETE]
- proxmox_api_surface_absolute.nodes.ceph.pool `/nodes/{node}/ceph/pools` [GET|POST|DELETE]
- proxmox_api_surface_absolute.nodes.ceph.rules `/nodes/{node}/ceph/rules` [GET]
- proxmox_api_surface_absolute.nodes.disks.init_gpt `/nodes/{node}/disks/initgpt` [POST]
- proxmox_api_surface_absolute.qemu.diagnostics.monitor `/nodes/{node}/qemu/{vmid}/monitor` [POST]

## Undocumented client paths (in code, not in map)

- `/nodes/*/lxc/*/snapshot/*/rollback`
- `/nodes/*/qemu/*/snapshot/*/rollback`
