---
source: tests/tui_snapshot.rs
assertion_line: 313
expression: dump
---
┌ Operation Queue ─────────────────────────────────────────┐┌ Replay-as-Script ────────────────────┐
│ [Q] Back | [D] Remove Selected | [C] Commit & Execute Que││                                      │
└──────────────────────────────────────────────────────────┘│                                      │
┌──────────────────────────────────────────────────────────┐│                                      │
│Queue is empty. Press 's', 'S', 'r', 'd' in Guest List to ││                                      │
│                                                          ││                                      │
│                                                          ││                                      │
│                                                          ││                                      │
│                                                          ││                                      │
│                                                          ││                                      │
│                                                          ││                                      │
│                                                          ││                                      │
│                                                          ││                                      │
│                                                          ││                                      │
│                                                          ││                                      │
│                                                          ││                                      │
│                                                          ││                                      │
│                                                          ││                                      │
│                                                          ││                                      │
└──────────────────────────────────────────────────────────┘└──────────────────────────────────────┘
