---
source: tests/tui_snapshot.rs
assertion_line: 585
expression: dump
---
 Nodes  2 total

────────────────────────────────────────────────────────────────────────────────────────────────────
┌ Nodes ───────────────────────────────────────────────────────────────────────────────────────────┐
│   NODE          STATUS   CPU            CPU USAGE  RAM    RAM USAGE  DISK   UPTIME       GUESTS  │
│●  pve1          online   12% (0.5/4)    █░░░░░░░   50%    ████░░░░   3%     1d 0h        0/0     │
│●  pve2          online   0% (0.0/4)     ░░░░░░░░   0%     ░░░░░░░░   3%     1d 0h        0/0     │
│                                                                                                  │
│                                                                                                  │
│                                                                                                  │
│                                                                                                  │
│                                                                                                  │
│                                                                                                  │
│                                                                                                  │
└──────────────────────────────────────────────────────────────────────────────────────────────────┘
